branch: worktree-feature+context-ledger-contract, date: Tue Apr 28 11:56:06 CST 2026
